[
  {
    "id": 1,
    "action": "search",
    "parameter": "a",
    "created_at": "1969-12-31T16:00:00-08:00"
  }
]