[
  {
    "id": 2,
    "name": "b1",
    "description": "very funny",
    "metadata": null,
    "category": "comic",
    "price": 550,
    "dummy_field": 2,
    "created_at": "1970-01-01T00:00:00Z",
    "updated_at": "1970-01-01T00:00:00Z"
  },
  {
    "id": 3,
    "name": "b2",
    "description": "very funny",
    "metadata": null,
    "category": "comic",
    "price": 550,
    "dummy_field": null,
    "created_at": "1970-01-01T00:00:00Z",
    "updated_at": "1970-01-01T00:00:00Z"
  }
]