[
  {
    "id": 1,
    "action": "list a new comic book",
    "parameter": "4",
    "created_at": "1970-01-01T00:00:00Z"
  }
]