[
  {
    "id": 1,
    "name": "a1",
    "description": "backend must read!",
    "metadata": null,
    "category": "computer_science",
    "price": 388800,
    "dummy_field": null,
    "created_at": "1969-12-31T17:00:00-07:00",
    "updated_at": "1969-12-31T17:00:00-07:00"
  },
  {
    "id": 123,
    "name": "a1-2",
    "description": "xxxx",
    "metadata": "W10=",
    "category": "computer_science",
    "price": 1.69,
    "dummy_field": 999,
    "created_at": "1970-01-01T00:00:00Z",
    "updated_at": "1970-01-01T00:00:00Z"
  }
]