[
  {
    "id": 1,
    "name": "a1",
    "description": "backend must read!",
    "metadata": null,
    "category": "computer_science",
    "price": 388800,
    "dummy_field": null,
    "created_at": "1969-12-31T17:00:00-07:00",
    "updated_at": "1969-12-31T17:00:00-07:00"
  }
]