[
  {
    "id": 1,
    "name": "DDIA",
    "description": "backend must read!",
    "metadata": null,
    "category": "computer_science",
    "price": 38.88,
    "dummy_field": null,
    "created_at": "1969-12-31T16:00:00-08:00",
    "updated_at": "1969-12-31T16:00:00-08:00"
  },
  {
    "id": 2,
    "name": "HAHAHAH",
    "description": "very funny",
    "metadata": null,
    "category": "comic",
    "price": 5.5,
    "dummy_field": null,
    "created_at": "1969-12-31T16:00:00-08:00",
    "updated_at": "1969-12-31T16:00:00-08:00"
  }
]